// Jest Snapshot v1, https://goo.gl/fbAQLP

exports[`NavButton renders correctly 1`] = `
.c0 {
  border: none;
  outline: none;
  background: #ffffff;
  padding: 15px 32px;
  text-align: center;
  -webkit-text-decoration: none;
  text-decoration: none;
  display: inline-block;
  font-size: 16px;
}

.c0:hover {
  color: lightgreen;
}

<button
  className="c0"
  onClick={[MockFunction]}
>
  Test
</button>
`;
